Name: '+5 Dexterity Vest'; SellIn: '9'; Quality: '19'
Name: 'Aged Brie'; SellIn: '1'; Quality: '1'
Name: 'Backstage passes to a TAFKAL80ETC concert'; SellIn: '14'; Quality: '21'
Name: 'Elixir of the Mongoose'; SellIn: '4'; Quality: '6'
Name: 'Sulfuras, Hand of Ragnaros'; SellIn: '0'; Quality: '80'
