Name: 'SomeStandardItem'; SellIn: '-1'; Quality: '2'
