Name: 'SomeStandardItem'; SellIn: '9'; Quality: '4'
